/*C1*/SET SCHEMA SYSTEM_LOBS
INSERT INTO BLOCKS VALUES(0,2147483647,0)
COMMIT
/*C2*/SET SCHEMA PUBLIC
DISCONNECT
/*C3*/SET SCHEMA PUBLIC
CREATE TABLE Families (\u000a    id int  NOT NULL,\u000a   CONSTRAINT Families_pk PRIMARY KEY (id)\u000a)
CREATE TABLE People (\u000a    id int  NOT NULL,\u000a    first_name varchar(25)  NOT NULL,\u000a    last_name varchar(25)  NOT NULL,\u000a    birthday date  NOT NULL,\u000a    genre boolean  NOT NULL,\u000a    Families_id int  NOT NULL,\u000a    idx int  NOT NULL,\u000a   CONSTRAINT People_pk PRIMARY KEY (id)\u000a)
/*C10*/SET SCHEMA PUBLIC
DISCONNECT
/*C4*/SET SCHEMA PUBLIC
DISCONNECT
/*C11*/SET SCHEMA PUBLIC
DISCONNECT
/*C5*/SET SCHEMA PUBLIC
DISCONNECT
/*C6*/SET SCHEMA PUBLIC
DISCONNECT
/*C8*/SET SCHEMA PUBLIC
DISCONNECT
/*C9*/SET SCHEMA PUBLIC
DISCONNECT
/*C7*/SET SCHEMA PUBLIC
DISCONNECT
/*C14*/SET SCHEMA PUBLIC
DISCONNECT
/*C13*/SET SCHEMA PUBLIC
DISCONNECT
/*C12*/SET SCHEMA PUBLIC
DISCONNECT
/*C15*/SET SCHEMA PUBLIC
DISCONNECT
